// Jest Snapshot v1, https://goo.gl/fbAQLP

exports[`LoggedOutMenu renders menu for logged out users with Sign In, Register and FAQ options 1`] = `
<Menu
  onClick={[Function]}
  style={
    Object {
      "borderRight": 0,
    }
  }
  theme="light"
>
  <MenuItem
    disabled={true}
  >
    <Text>
      Welcome!
    </Text>
  </MenuItem>
  <MenuItem
    className="d-flex"
    key="login"
  >
    <Icon
      className="align-middle my-auto"
      type="user"
    />
    <Span
      className=""
    >
      Sign In
    </Span>
  </MenuItem>
  <MenuItem
    className="d-flex"
    key="register"
  >
    <Icon
      className="align-middle my-auto"
      type="user-add"
    />
    <Span
      className=""
    >
      Register
    </Span>
  </MenuItem>
  <MenuItem
    key="faq"
  >
    <A
      className="d-flex"
      href="/faq"
    >
      <Icon
        className="align-middle my-auto"
        type="question-circle"
      />
      <Span
        className=""
      >
        FAQ
      </Span>
    </A>
  </MenuItem>
</Menu>
`;
