// Jest Snapshot v1, https://goo.gl/fbAQLP

exports[`LoggedInMenu renders menu for logged in users with New Request, Your Groups, FAQ, Settings and Sign Out options 1`] = `
<Menu
  onClick={[Function]}
  style={
    Object {
      "borderRight": 0,
      "marginBottom": "auto",
    }
  }
  theme="light"
>
  <UserDetails
    rating={4.321}
    username="username"
  />
  <MenuItem
    className="d-flex"
    key="newRequest"
  >
    <Icon
      className="align-middle my-auto"
      type="plus"
    />
    <Span
      className=""
    >
      New Request
    </Span>
  </MenuItem>
  <MenuItem
    key="feedbackGroups"
  >
    <A
      className="d-flex"
      href="/groups"
    >
      <Icon
        className="align-middle my-auto"
        type="team"
      />
      <Span
        className=""
      >
        Your Groups
      </Span>
      <Badge
        className="align-middle my-auto"
        count={2}
        dot={false}
        overflowCount={99}
        showZero={false}
        style={
          Object {
            "marginLeft": "0.5em",
          }
        }
      />
    </A>
  </MenuItem>
  <MenuItem
    key="faq"
  >
    <A
      className="d-flex"
      href="/faq"
    >
      <Icon
        className="align-middle my-auto"
        type="question-circle"
      />
      <Span
        className=""
      >
        FAQ
      </Span>
    </A>
  </MenuItem>
  <MenuItem
    key="settings"
  >
    <A
      className="d-flex"
      href="/settings"
    >
      <Icon
        className="align-middle my-auto"
        type="setting"
      />
      <Span
        className=""
      >
        Settings
      </Span>
    </A>
  </MenuItem>
  <MenuItem
    className="d-flex"
    key="logout"
  >
    <Icon
      className="align-middle my-auto"
      type="user-delete"
    />
    <Span
      className=""
    >
      Sign Out
    </Span>
  </MenuItem>
</Menu>
`;
