// Jest Snapshot v1, https://goo.gl/fbAQLP

exports[`MenuBarContent renders a MobileMenu for mobile clients 1`] = `
<Div
  className="menu-bar"
>
  <MobileMenu
    mobileMenuCollapsed={true}
    onCollapseChange={[Function]}
  />
</Div>
`;

exports[`MenuBarContent renders logo and MainMenu for non-mobile clients 1`] = `
<Div
  className="menu-bar"
>
  <A
    className="full-logo"
    href="/"
  >
    <Img
      alt="how's my track"
      className=""
      height="200px"
      src="/logo512.png"
      style={
        Object {
          "marginLeft": "auto",
          "marginRight": "auto",
          "padding": "0.5em",
        }
      }
      width="200px"
    />
  </A>
  <MainMenu />
</Div>
`;
