// Jest Snapshot v1, https://goo.gl/fbAQLP

exports[`LandingPitch renders a login form, along with an explanation of how the site works 1`] = `
<Div
  className=""
  style={
    Object {
      "textAlign": "center",
    }
  }
>
  <Div
    className=""
  >
    <Img
      alt="how's my track"
      className=""
      height="256px"
      src="/logo512.png"
      style={
        Object {
          "marginBottom": "2em",
        }
      }
      width="256px"
    />
  </Div>
  <List
    bordered={false}
    dataSource={
      Array [
        Object {
          "icon": "plus",
          "text": "Submit your track.",
        },
        Object {
          "icon": "usergroup-add",
          "text": "Join a group.",
        },
        Object {
          "icon": "edit",
          "text": "Write feedback for your peers.",
        },
        Object {
          "icon": "check",
          "text": "Read your own feedback.",
        },
        Object {
          "icon": "rollback",
          "text": "Repeat.",
        },
      ]
    }
    itemLayout="vertical"
    loading={false}
    pagination={false}
    renderItem={[Function]}
    split={true}
    style={
      Object {
        "display": "inline-block",
        "marginBottom": "1em",
        "textAlign": "left",
      }
    }
  />
  <Divider />
  <Div
    className=""
    style={
      Object {
        "display": "flex",
      }
    }
  >
    <Div
      className=""
      style={
        Object {
          "marginLeft": "auto",
          "marginRight": "auto",
          "width": "24em",
        }
      }
    >
      <Form(UnwrappedLoginFormController)
        largeButtons={true}
        showRegisterButton={true}
      />
    </Div>
  </Div>
</Div>
`;
